// Jest Snapshot v1, https://goo.gl/fbAQLP

exports[`First Page component renders correctly 1`] = `
<div
  className="frontContainer"
>
  <div
    className="frontLeft "
  />
  <div
    className="frontRight "
  >
    <div
      className="firstPageInfo"
    >
      <Connect(CoinForm) />
    </div>
  </div>
</div>
`;
