// Jest Snapshot v1, https://goo.gl/fbAQLP

exports[`First Page component renders correctly 1`] = `
<div
  className="frontContainer"
>
  <div
    className="frontLeft "
  />
  <div
    className="frontRight "
  >
    <div
      className="firstPageInfo"
    />
    <div
      className="modalButton"
    >
      <button
        onClick={[Function]}
        type="button"
      >
        Get Started
      </button>
    </div>
  </div>
</div>
`;
