// Jest Snapshot v1, https://goo.gl/fbAQLP

exports[`First Page component renders correctly 1`] = `
<div
  className="container-fluid firstPage"
>
  <div
    className="frontLeft col-xs-6"
  />
  <div
    className="frontRight col-xs-6"
  >
    <div
      className="firstPageInfo"
    >
      <Connect(CoinForm) />
    </div>
  </div>
</div>
`;
