// Jest Snapshot v1, https://goo.gl/fbAQLP

exports[`Selector Modal renders without crashing 1`] = `
ShallowWrapper {
  "length": 1,
  Symbol(enzyme.__root__): [Circular],
  Symbol(enzyme.__unrendered__): <SelectorModal
    closeModal={[Function]}
    currentArray={
        Array [
            0,
            1,
          ]
    }
/>,
  Symbol(enzyme.__renderer__): Object {
    "batchedUpdates": [Function],
    "getNode": [Function],
    "render": [Function],
    "simulateEvent": [Function],
    "unmount": [Function],
  },
  Symbol(enzyme.__node__): Object {
    "instance": null,
    "key": undefined,
    "nodeType": "host",
    "props": Object {
      "children": <div
        className="modalContent"
>
        <div
                className="modalInstructions"
        >
                <div>
                        Choose your conversion currency
                </div>
                <div>
                        <button
                                onClick={undefined}
                                type="button"
                        >
                                Reset
                        </button>
                        <button
                                onClick={[Function]}
                                type="button"
                        >
                                Close
                        </button>
                </div>
        </div>
        <div
                className="modalHeader"
        >
                <div>
                         
                </div>
                <div />
        </div>
        <div
                className="modalAlerts"
        >
                Alerts
        </div>
        <div
                className="selectorItems"
        >
                <div>
                        <a
                                onClick={[Function]}
                        />
                </div>
                <div>
                        <a
                                onClick={[Function]}
                        >
                                1
                        </a>
                </div>
        </div>
        <div
                className="modalFooter"
        >
                <button
                        onClick={[Function]}
                        type="button"
                >
                        Close
                </button>
                <button
                        onClick={undefined}
                        type="button"
                >
                        Reset
                </button>
        </div>
</div>,
      "className": "modalContainer",
    },
    "ref": null,
    "rendered": Object {
      "instance": null,
      "key": undefined,
      "nodeType": "host",
      "props": Object {
        "children": Array [
          <div
            className="modalInstructions"
>
            <div>
                        Choose your conversion currency
            </div>
            <div>
                        <button
                                    onClick={undefined}
                                    type="button"
                        >
                                    Reset
                        </button>
                        <button
                                    onClick={[Function]}
                                    type="button"
                        >
                                    Close
                        </button>
            </div>
</div>,
          <div
            className="modalHeader"
>
            <div>
                         
            </div>
            <div />
</div>,
          <div
            className="modalAlerts"
>
            Alerts
</div>,
          <div
            className="selectorItems"
>
            <div>
                        <a
                                    onClick={[Function]}
                        />
            </div>
            <div>
                        <a
                                    onClick={[Function]}
                        >
                                    1
                        </a>
            </div>
</div>,
          <div
            className="modalFooter"
>
            <button
                        onClick={[Function]}
                        type="button"
            >
                        Close
            </button>
            <button
                        onClick={undefined}
                        type="button"
            >
                        Reset
            </button>
</div>,
        ],
        "className": "modalContent",
      },
      "ref": null,
      "rendered": Array [
        Object {
          "instance": null,
          "key": undefined,
          "nodeType": "host",
          "props": Object {
            "children": Array [
              <div>
                Choose your conversion currency
</div>,
              <div>
                <button
                                onClick={undefined}
                                type="button"
                >
                                Reset
                </button>
                <button
                                onClick={[Function]}
                                type="button"
                >
                                Close
                </button>
</div>,
            ],
            "className": "modalInstructions",
          },
          "ref": null,
          "rendered": Array [
            Object {
              "instance": null,
              "key": undefined,
              "nodeType": "host",
              "props": Object {
                "children": "Choose your conversion currency",
              },
              "ref": null,
              "rendered": "Choose your conversion currency",
              "type": "div",
            },
            Object {
              "instance": null,
              "key": undefined,
              "nodeType": "host",
              "props": Object {
                "children": Array [
                  <button
                    onClick={undefined}
                    type="button"
>
                    Reset
</button>,
                  <button
                    onClick={[Function]}
                    type="button"
>
                    Close
</button>,
                ],
              },
              "ref": null,
              "rendered": Array [
                Object {
                  "instance": null,
                  "key": undefined,
                  "nodeType": "host",
                  "props": Object {
                    "children": "Reset",
                    "onClick": undefined,
                    "type": "button",
                  },
                  "ref": null,
                  "rendered": "Reset",
                  "type": "button",
                },
                Object {
                  "instance": null,
                  "key": undefined,
                  "nodeType": "host",
                  "props": Object {
                    "children": "Close",
                    "onClick": [Function],
                    "type": "button",
                  },
                  "ref": null,
                  "rendered": "Close",
                  "type": "button",
                },
              ],
              "type": "div",
            },
          ],
          "type": "div",
        },
        Object {
          "instance": null,
          "key": undefined,
          "nodeType": "host",
          "props": Object {
            "children": Array [
              <div>
                 
</div>,
              <div />,
            ],
            "className": "modalHeader",
          },
          "ref": null,
          "rendered": Array [
            Object {
              "instance": null,
              "key": undefined,
              "nodeType": "host",
              "props": Object {
                "children": Array [
                  undefined,
                  " ",
                ],
              },
              "ref": null,
              "rendered": Array [
                undefined,
                " ",
              ],
              "type": "div",
            },
            Object {
              "instance": null,
              "key": undefined,
              "nodeType": "host",
              "props": Object {
                "children": undefined,
              },
              "ref": null,
              "rendered": null,
              "type": "div",
            },
          ],
          "type": "div",
        },
        Object {
          "instance": null,
          "key": undefined,
          "nodeType": "host",
          "props": Object {
            "children": "Alerts",
            "className": "modalAlerts",
          },
          "ref": null,
          "rendered": "Alerts",
          "type": "div",
        },
        Object {
          "instance": null,
          "key": undefined,
          "nodeType": "host",
          "props": Object {
            "children": Array [
              <div>
                <a
                                onClick={[Function]}
                />
</div>,
              <div>
                <a
                                onClick={[Function]}
                >
                                1
                </a>
</div>,
            ],
            "className": "selectorItems",
          },
          "ref": null,
          "rendered": Array [
            Object {
              "instance": null,
              "key": "0",
              "nodeType": "host",
              "props": Object {
                "children": <a
                  onClick={[Function]}
/>,
              },
              "ref": null,
              "rendered": Object {
                "instance": null,
                "key": undefined,
                "nodeType": "host",
                "props": Object {
                  "children": 0,
                  "onClick": [Function],
                },
                "ref": null,
                "rendered": 0,
                "type": "a",
              },
              "type": "div",
            },
            Object {
              "instance": null,
              "key": "1",
              "nodeType": "host",
              "props": Object {
                "children": <a
                  onClick={[Function]}
>
                  1
</a>,
              },
              "ref": null,
              "rendered": Object {
                "instance": null,
                "key": undefined,
                "nodeType": "host",
                "props": Object {
                  "children": 1,
                  "onClick": [Function],
                },
                "ref": null,
                "rendered": 1,
                "type": "a",
              },
              "type": "div",
            },
          ],
          "type": "div",
        },
        Object {
          "instance": null,
          "key": undefined,
          "nodeType": "host",
          "props": Object {
            "children": Array [
              <button
                onClick={[Function]}
                type="button"
>
                Close
</button>,
              <button
                onClick={undefined}
                type="button"
>
                Reset
</button>,
            ],
            "className": "modalFooter",
          },
          "ref": null,
          "rendered": Array [
            Object {
              "instance": null,
              "key": undefined,
              "nodeType": "host",
              "props": Object {
                "children": "Close",
                "onClick": [Function],
                "type": "button",
              },
              "ref": null,
              "rendered": "Close",
              "type": "button",
            },
            Object {
              "instance": null,
              "key": undefined,
              "nodeType": "host",
              "props": Object {
                "children": "Reset",
                "onClick": undefined,
                "type": "button",
              },
              "ref": null,
              "rendered": "Reset",
              "type": "button",
            },
          ],
          "type": "div",
        },
      ],
      "type": "div",
    },
    "type": "div",
  },
  Symbol(enzyme.__nodes__): Array [
    Object {
      "instance": null,
      "key": undefined,
      "nodeType": "host",
      "props": Object {
        "children": <div
          className="modalContent"
>
          <div
                    className="modalInstructions"
          >
                    <div>
                              Choose your conversion currency
                    </div>
                    <div>
                              <button
                                        onClick={undefined}
                                        type="button"
                              >
                                        Reset
                              </button>
                              <button
                                        onClick={[Function]}
                                        type="button"
                              >
                                        Close
                              </button>
                    </div>
          </div>
          <div
                    className="modalHeader"
          >
                    <div>
                               
                    </div>
                    <div />
          </div>
          <div
                    className="modalAlerts"
          >
                    Alerts
          </div>
          <div
                    className="selectorItems"
          >
                    <div>
                              <a
                                        onClick={[Function]}
                              />
                    </div>
                    <div>
                              <a
                                        onClick={[Function]}
                              >
                                        1
                              </a>
                    </div>
          </div>
          <div
                    className="modalFooter"
          >
                    <button
                              onClick={[Function]}
                              type="button"
                    >
                              Close
                    </button>
                    <button
                              onClick={undefined}
                              type="button"
                    >
                              Reset
                    </button>
          </div>
</div>,
        "className": "modalContainer",
      },
      "ref": null,
      "rendered": Object {
        "instance": null,
        "key": undefined,
        "nodeType": "host",
        "props": Object {
          "children": Array [
            <div
              className="modalInstructions"
>
              <div>
                            Choose your conversion currency
              </div>
              <div>
                            <button
                                          onClick={undefined}
                                          type="button"
                            >
                                          Reset
                            </button>
                            <button
                                          onClick={[Function]}
                                          type="button"
                            >
                                          Close
                            </button>
              </div>
</div>,
            <div
              className="modalHeader"
>
              <div>
                             
              </div>
              <div />
</div>,
            <div
              className="modalAlerts"
>
              Alerts
</div>,
            <div
              className="selectorItems"
>
              <div>
                            <a
                                          onClick={[Function]}
                            />
              </div>
              <div>
                            <a
                                          onClick={[Function]}
                            >
                                          1
                            </a>
              </div>
</div>,
            <div
              className="modalFooter"
>
              <button
                            onClick={[Function]}
                            type="button"
              >
                            Close
              </button>
              <button
                            onClick={undefined}
                            type="button"
              >
                            Reset
              </button>
</div>,
          ],
          "className": "modalContent",
        },
        "ref": null,
        "rendered": Array [
          Object {
            "instance": null,
            "key": undefined,
            "nodeType": "host",
            "props": Object {
              "children": Array [
                <div>
                  Choose your conversion currency
</div>,
                <div>
                  <button
                                    onClick={undefined}
                                    type="button"
                  >
                                    Reset
                  </button>
                  <button
                                    onClick={[Function]}
                                    type="button"
                  >
                                    Close
                  </button>
</div>,
              ],
              "className": "modalInstructions",
            },
            "ref": null,
            "rendered": Array [
              Object {
                "instance": null,
                "key": undefined,
                "nodeType": "host",
                "props": Object {
                  "children": "Choose your conversion currency",
                },
                "ref": null,
                "rendered": "Choose your conversion currency",
                "type": "div",
              },
              Object {
                "instance": null,
                "key": undefined,
                "nodeType": "host",
                "props": Object {
                  "children": Array [
                    <button
                      onClick={undefined}
                      type="button"
>
                      Reset
</button>,
                    <button
                      onClick={[Function]}
                      type="button"
>
                      Close
</button>,
                  ],
                },
                "ref": null,
                "rendered": Array [
                  Object {
                    "instance": null,
                    "key": undefined,
                    "nodeType": "host",
                    "props": Object {
                      "children": "Reset",
                      "onClick": undefined,
                      "type": "button",
                    },
                    "ref": null,
                    "rendered": "Reset",
                    "type": "button",
                  },
                  Object {
                    "instance": null,
                    "key": undefined,
                    "nodeType": "host",
                    "props": Object {
                      "children": "Close",
                      "onClick": [Function],
                      "type": "button",
                    },
                    "ref": null,
                    "rendered": "Close",
                    "type": "button",
                  },
                ],
                "type": "div",
              },
            ],
            "type": "div",
          },
          Object {
            "instance": null,
            "key": undefined,
            "nodeType": "host",
            "props": Object {
              "children": Array [
                <div>
                   
</div>,
                <div />,
              ],
              "className": "modalHeader",
            },
            "ref": null,
            "rendered": Array [
              Object {
                "instance": null,
                "key": undefined,
                "nodeType": "host",
                "props": Object {
                  "children": Array [
                    undefined,
                    " ",
                  ],
                },
                "ref": null,
                "rendered": Array [
                  undefined,
                  " ",
                ],
                "type": "div",
              },
              Object {
                "instance": null,
                "key": undefined,
                "nodeType": "host",
                "props": Object {
                  "children": undefined,
                },
                "ref": null,
                "rendered": null,
                "type": "div",
              },
            ],
            "type": "div",
          },
          Object {
            "instance": null,
            "key": undefined,
            "nodeType": "host",
            "props": Object {
              "children": "Alerts",
              "className": "modalAlerts",
            },
            "ref": null,
            "rendered": "Alerts",
            "type": "div",
          },
          Object {
            "instance": null,
            "key": undefined,
            "nodeType": "host",
            "props": Object {
              "children": Array [
                <div>
                  <a
                                    onClick={[Function]}
                  />
</div>,
                <div>
                  <a
                                    onClick={[Function]}
                  >
                                    1
                  </a>
</div>,
              ],
              "className": "selectorItems",
            },
            "ref": null,
            "rendered": Array [
              Object {
                "instance": null,
                "key": "0",
                "nodeType": "host",
                "props": Object {
                  "children": <a
                    onClick={[Function]}
/>,
                },
                "ref": null,
                "rendered": Object {
                  "instance": null,
                  "key": undefined,
                  "nodeType": "host",
                  "props": Object {
                    "children": 0,
                    "onClick": [Function],
                  },
                  "ref": null,
                  "rendered": 0,
                  "type": "a",
                },
                "type": "div",
              },
              Object {
                "instance": null,
                "key": "1",
                "nodeType": "host",
                "props": Object {
                  "children": <a
                    onClick={[Function]}
>
                    1
</a>,
                },
                "ref": null,
                "rendered": Object {
                  "instance": null,
                  "key": undefined,
                  "nodeType": "host",
                  "props": Object {
                    "children": 1,
                    "onClick": [Function],
                  },
                  "ref": null,
                  "rendered": 1,
                  "type": "a",
                },
                "type": "div",
              },
            ],
            "type": "div",
          },
          Object {
            "instance": null,
            "key": undefined,
            "nodeType": "host",
            "props": Object {
              "children": Array [
                <button
                  onClick={[Function]}
                  type="button"
>
                  Close
</button>,
                <button
                  onClick={undefined}
                  type="button"
>
                  Reset
</button>,
              ],
              "className": "modalFooter",
            },
            "ref": null,
            "rendered": Array [
              Object {
                "instance": null,
                "key": undefined,
                "nodeType": "host",
                "props": Object {
                  "children": "Close",
                  "onClick": [Function],
                  "type": "button",
                },
                "ref": null,
                "rendered": "Close",
                "type": "button",
              },
              Object {
                "instance": null,
                "key": undefined,
                "nodeType": "host",
                "props": Object {
                  "children": "Reset",
                  "onClick": undefined,
                  "type": "button",
                },
                "ref": null,
                "rendered": "Reset",
                "type": "button",
              },
            ],
            "type": "div",
          },
        ],
        "type": "div",
      },
      "type": "div",
    },
  ],
  Symbol(enzyme.__options__): Object {
    "adapter": ReactSixteenAdapter {
      "options": Object {
        "enableComponentDidUpdateOnSetState": true,
      },
    },
  },
}
`;
